Determining if the pthread_create exist failed with the following output:
Change Dir: /home/ll/gtt_ws/build_isolated/topic_pkg/CMakeFiles/CMakeTmp

Run Build Command:"/usr/bin/make" "cmTC_43cde/fast"
/usr/bin/make -f CMakeFiles/cmTC_43cde.dir/build.make CMakeFiles/cmTC_43cde.dir/build
make[1]: 进入目录“/home/ll/gtt_ws/build_isolated/topic_pkg/CMakeFiles/CMakeTmp”
Building C object CMakeFiles/cmTC_43cde.dir/CheckSymbolExists.c.o
/usr/bin/cc    -o CMakeFiles/cmTC_43cde.dir/CheckSymbolExists.c.o   -c /home/ll/gtt_ws/build_isolated/topic_pkg/CMakeFiles/CMakeTmp/CheckSymbolExists.c
Linking C executable cmTC_43cde
/usr/bin/cmake -E cmake_link_script CMakeFiles/cmTC_43cde.dir/link.txt --verbose=1
/usr/bin/cc      -rdynamic CMakeFiles/cmTC_43cde.dir/CheckSymbolExists.c.o  -o cmTC_43cde 
CMakeFiles/cmTC_43cde.dir/CheckSymbolExists.c.o：在函数‘main’中：
CheckSymbolExists.c:(.text+0x1b)：对‘pthread_create’未定义的引用
collect2: error: ld returned 1 exit status
CMakeFiles/cmTC_43cde.dir/build.make:97: recipe for target 'cmTC_43cde' failed
make[1]: *** [cmTC_43cde] Error 1
make[1]: 离开目录“/home/ll/gtt_ws/build_isolated/topic_pkg/CMakeFiles/CMakeTmp”
Makefile:126: recipe for target 'cmTC_43cde/fast' failed
make: *** [cmTC_43cde/fast] Error 2

File /home/ll/gtt_ws/build_isolated/topic_pkg/CMakeFiles/CMakeTmp/CheckSymbolExists.c:
/* */
#include <pthread.h>

int main(int argc, char** argv)
{
  (void)argv;
#ifndef pthread_create
  return ((int*)(&pthread_create))[argc];
#else
  (void)argc;
  return 0;
#endif
}

Determining if the function pthread_create exists in the pthreads failed with the following output:
Change Dir: /home/ll/gtt_ws/build_isolated/topic_pkg/CMakeFiles/CMakeTmp

Run Build Command:"/usr/bin/make" "cmTC_cc9d0/fast"
/usr/bin/make -f CMakeFiles/cmTC_cc9d0.dir/build.make CMakeFiles/cmTC_cc9d0.dir/build
make[1]: 进入目录“/home/ll/gtt_ws/build_isolated/topic_pkg/CMakeFiles/CMakeTmp”
Building C object CMakeFiles/cmTC_cc9d0.dir/CheckFunctionExists.c.o
/usr/bin/cc   -DCHECK_FUNCTION_EXISTS=pthread_create   -o CMakeFiles/cmTC_cc9d0.dir/CheckFunctionExists.c.o   -c /usr/share/cmake-3.10/Modules/CheckFunctionExists.c
Linking C executable cmTC_cc9d0
/usr/bin/cmake -E cmake_link_script CMakeFiles/cmTC_cc9d0.dir/link.txt --verbose=1
/usr/bin/cc  -DCHECK_FUNCTION_EXISTS=pthread_create    -rdynamic CMakeFiles/cmTC_cc9d0.dir/CheckFunctionExists.c.o  -o cmTC_cc9d0 -lpthreads 
/usr/bin/ld: 找不到 -lpthreads
collect2: error: ld returned 1 exit status
CMakeFiles/cmTC_cc9d0.dir/build.make:97: recipe for target 'cmTC_cc9d0' failed
make[1]: *** [cmTC_cc9d0] Error 1
make[1]: 离开目录“/home/ll/gtt_ws/build_isolated/topic_pkg/CMakeFiles/CMakeTmp”
Makefile:126: recipe for target 'cmTC_cc9d0/fast' failed
make: *** [cmTC_cc9d0/fast] Error 2


